------------------------------------------------------------
TimeQuest Timing Analyzer Summary
------------------------------------------------------------

Type  : Slow Model Setup 'clk'
Slack : -80.654
TNS   : -2794.717

Type  : Slow Model Setup 'state.SVIRANJE'
Slack : -3.046
TNS   : -32.208

Type  : Slow Model Setup 'counterUpisa[0]'
Slack : -2.338
TNS   : -34.970

Type  : Slow Model Setup 'sekunde[0]'
Slack : -1.362
TNS   : -8.883

Type  : Slow Model Hold 'clk'
Slack : -2.679
TNS   : -125.813

Type  : Slow Model Hold 'sekunde[0]'
Slack : -1.305
TNS   : -16.842

Type  : Slow Model Hold 'state.SVIRANJE'
Slack : 0.639
TNS   : 0.000

Type  : Slow Model Hold 'counterUpisa[0]'
Slack : 1.115
TNS   : 0.000

Type  : Slow Model Recovery 'clk'
Slack : -3.104
TNS   : -241.056

Type  : Slow Model Recovery 'counterUpisa[0]'
Slack : -0.262
TNS   : -0.262

Type  : Slow Model Recovery 'sekunde[0]'
Slack : 1.032
TNS   : 0.000

Type  : Slow Model Removal 'sekunde[0]'
Slack : -2.979
TNS   : -67.927

Type  : Slow Model Removal 'counterUpisa[0]'
Slack : -0.756
TNS   : -9.155

Type  : Slow Model Removal 'clk'
Slack : -0.295
TNS   : -18.041

Type  : Slow Model Minimum Pulse Width 'clk'
Slack : -1.380
TNS   : -347.380

Type  : Slow Model Minimum Pulse Width 'state.SVIRANJE'
Slack : -0.500
TNS   : -10.000

Type  : Slow Model Minimum Pulse Width 'counterUpisa[0]'
Slack : 0.500
TNS   : 0.000

Type  : Slow Model Minimum Pulse Width 'sekunde[0]'
Slack : 0.500
TNS   : 0.000

Type  : Fast Model Setup 'clk'
Slack : -35.768
TNS   : -1089.185

Type  : Fast Model Setup 'state.SVIRANJE'
Slack : -0.976
TNS   : -7.617

Type  : Fast Model Setup 'counterUpisa[0]'
Slack : -0.759
TNS   : -6.575

Type  : Fast Model Setup 'sekunde[0]'
Slack : -0.154
TNS   : -0.367

Type  : Fast Model Hold 'clk'
Slack : -1.670
TNS   : -101.984

Type  : Fast Model Hold 'sekunde[0]'
Slack : -0.554
TNS   : -7.327

Type  : Fast Model Hold 'state.SVIRANJE'
Slack : 0.407
TNS   : 0.000

Type  : Fast Model Hold 'counterUpisa[0]'
Slack : 0.435
TNS   : 0.000

Type  : Fast Model Recovery 'clk'
Slack : -0.981
TNS   : -66.086

Type  : Fast Model Recovery 'counterUpisa[0]'
Slack : 0.112
TNS   : 0.000

Type  : Fast Model Recovery 'sekunde[0]'
Slack : 0.971
TNS   : 0.000

Type  : Fast Model Removal 'sekunde[0]'
Slack : -1.237
TNS   : -27.493

Type  : Fast Model Removal 'clk'
Slack : -0.559
TNS   : -35.031

Type  : Fast Model Removal 'counterUpisa[0]'
Slack : -0.236
TNS   : -1.675

Type  : Fast Model Minimum Pulse Width 'clk'
Slack : -1.380
TNS   : -347.380

Type  : Fast Model Minimum Pulse Width 'state.SVIRANJE'
Slack : -0.500
TNS   : -10.000

Type  : Fast Model Minimum Pulse Width 'counterUpisa[0]'
Slack : 0.500
TNS   : 0.000

Type  : Fast Model Minimum Pulse Width 'sekunde[0]'
Slack : 0.500
TNS   : 0.000

------------------------------------------------------------
